AR system_complete behavioral //w2.b45x.dtu.dk/users/studerende/dtu/s000536/3week_vhdl/top_template-advanced.vhd sub00/vhpl23 1294821736
EN clockdivider NULL //w2.b45x.dtu.dk/users/studerende/dtu/s000536/3week_vhdl/ClockDivider-DCM.vhd sub00/vhpl12 1294821725
AR disp_hex_mux arch //w2.b45x.dtu.dk/users/studerende/dtu/s000536/3week_vhdl/disp_hex.vhd sub00/vhpl17 1294821730
AR steeringwheel_ad ad1 //w2.b45x.dtu.dk/users/studerende/dtu/s000536/3week_vhdl/steeringwheel_ad.vhd sub00/vhpl21 1294821734
AR mod_m_counter arch //w2.b45x.dtu.dk/users/studerende/dtu/s000536/3week_vhdl/baud_gen.vhd sub00/vhpl01 1294821714
EN disp_hex_mux NULL //w2.b45x.dtu.dk/users/studerende/dtu/s000536/3week_vhdl/disp_hex.vhd sub00/vhpl16 1294821729
AR fifo arch //w2.b45x.dtu.dk/users/studerende/dtu/s000536/3week_vhdl/fifo.vhd sub00/vhpl05 1294821718
AR memory_wrapper behavioral //w2.b45x.dtu.dk/users/studerende/dtu/s000536/3week_vhdl/memory_wrapper.vhd sub00/vhpl15 1294821728
AR uart_tx arch //w2.b45x.dtu.dk/users/studerende/dtu/s000536/3week_vhdl/uart_tx.vhd sub00/vhpl07 1294821720
AR memory beh_arch //w2.b45x.dtu.dk/users/studerende/dtu/s000536/3week_vhdl/memory.vhd sub00/vhpl11 1294821724
AR uart_rx arch //w2.b45x.dtu.dk/users/studerende/dtu/s000536/3week_vhdl/uart_rx.vhd sub00/vhpl03 1294821716
AR uart str_arch //w2.b45x.dtu.dk/users/studerende/dtu/s000536/3week_vhdl/uart.vhd sub00/vhpl09 1294821722
EN memory NULL //w2.b45x.dtu.dk/users/studerende/dtu/s000536/3week_vhdl/memory.vhd sub00/vhpl10 1294821723
AR clockdivider dcm //w2.b45x.dtu.dk/users/studerende/dtu/s000536/3week_vhdl/ClockDivider-DCM.vhd sub00/vhpl13 1294821726
EN memory_wrapper NULL //w2.b45x.dtu.dk/users/studerende/dtu/s000536/3week_vhdl/memory_wrapper.vhd sub00/vhpl14 1294821727
EN system_complete NULL //w2.b45x.dtu.dk/users/studerende/dtu/s000536/3week_vhdl/top_template-advanced.vhd sub00/vhpl22 1294821735
EN uart_wrapper NULL //w2.b45x.dtu.dk/users/studerende/dtu/s000536/3week_vhdl/uart_wrapper.vhd sub00/vhpl18 1294821731
EN steeringwheel_ad NULL //w2.b45x.dtu.dk/users/studerende/dtu/s000536/3week_vhdl/steeringwheel_ad.vhd sub00/vhpl20 1294821733
EN fifo NULL //w2.b45x.dtu.dk/users/studerende/dtu/s000536/3week_vhdl/fifo.vhd sub00/vhpl04 1294821717
EN uart NULL //w2.b45x.dtu.dk/users/studerende/dtu/s000536/3week_vhdl/uart.vhd sub00/vhpl08 1294821721
EN uart_rx NULL //w2.b45x.dtu.dk/users/studerende/dtu/s000536/3week_vhdl/uart_rx.vhd sub00/vhpl02 1294821715
AR uart_wrapper behavioral //w2.b45x.dtu.dk/users/studerende/dtu/s000536/3week_vhdl/uart_wrapper.vhd sub00/vhpl19 1294821732
EN uart_tx NULL //w2.b45x.dtu.dk/users/studerende/dtu/s000536/3week_vhdl/uart_tx.vhd sub00/vhpl06 1294821719
EN mod_m_counter NULL //w2.b45x.dtu.dk/users/studerende/dtu/s000536/3week_vhdl/baud_gen.vhd sub00/vhpl00 1294821713
