EN vga_rom_color NULL //w2.b45x.dtu.dk/users/studerende/dtu/s000536/3week_vhdl/vga_rom_color.vhd sub00/vhpl26 1294852747
AR system_complete behavioral //w2.b45x.dtu.dk/users/studerende/dtu/s000536/3week_vhdl/top_template-advanced.vhd sub00/vhpl23 1294852768
EN vga_sync NULL //w2.b45x.dtu.dk/users/studerende/dtu/s000536/3week_vhdl/vga_sync.vhd sub00/vhpl24 1294852745
EN clockdivider NULL //w2.b45x.dtu.dk/users/studerende/dtu/s000536/3week_vhdl/ClockDivider-DCM.vhd sub00/vhpl12 1294852751
AR disp_hex_mux arch //w2.b45x.dtu.dk/users/studerende/dtu/s000536/3week_vhdl/disp_hex.vhd sub00/vhpl17 1294852760
AR steeringwheel_ad ad1 //w2.b45x.dtu.dk/users/studerende/dtu/s000536/3week_vhdl/steeringwheel_ad.vhd sub00/vhpl21 1294852764
AR mod_m_counter arch //w2.b45x.dtu.dk/users/studerende/dtu/s000536/3week_vhdl/baud_gen.vhd sub00/vhpl01 1294852738
EN disp_hex_mux NULL //w2.b45x.dtu.dk/users/studerende/dtu/s000536/3week_vhdl/disp_hex.vhd sub00/vhpl16 1294852759
AR fifo arch //w2.b45x.dtu.dk/users/studerende/dtu/s000536/3week_vhdl/fifo.vhd sub00/vhpl05 1294852742
AR memory_wrapper behavioral //w2.b45x.dtu.dk/users/studerende/dtu/s000536/3week_vhdl/memory_wrapper.vhd sub00/vhpl15 1294852758
AR uart_tx arch //w2.b45x.dtu.dk/users/studerende/dtu/s000536/3week_vhdl/uart_tx.vhd sub00/vhpl07 1294852744
AR vga_sync arch //w2.b45x.dtu.dk/users/studerende/dtu/s000536/3week_vhdl/vga_sync.vhd sub00/vhpl25 1294852746
AR memory beh_arch //w2.b45x.dtu.dk/users/studerende/dtu/s000536/3week_vhdl/memory.vhd sub00/vhpl11 1294852756
EN vga_rom_tile NULL //w2.b45x.dtu.dk/users/studerende/dtu/s000536/3week_vhdl/vga_rom_tile.vhd sub00/vhpl28 1294852749
EN vga_wrapper NULL //w2.b45x.dtu.dk/users/studerende/dtu/s000536/3week_vhdl/vga_wrapper.vhd sub00/vhpl30 1294852765
AR uart_rx arch //w2.b45x.dtu.dk/users/studerende/dtu/s000536/3week_vhdl/uart_rx.vhd sub00/vhpl03 1294852740
AR vga_rom_tile arch //w2.b45x.dtu.dk/users/studerende/dtu/s000536/3week_vhdl/vga_rom_tile.vhd sub00/vhpl29 1294852750
AR uart str_arch //w2.b45x.dtu.dk/users/studerende/dtu/s000536/3week_vhdl/uart.vhd sub00/vhpl09 1294852754
EN memory NULL //w2.b45x.dtu.dk/users/studerende/dtu/s000536/3week_vhdl/memory.vhd sub00/vhpl10 1294852755
AR clockdivider dcm //w2.b45x.dtu.dk/users/studerende/dtu/s000536/3week_vhdl/ClockDivider-DCM.vhd sub00/vhpl13 1294852752
EN memory_wrapper NULL //w2.b45x.dtu.dk/users/studerende/dtu/s000536/3week_vhdl/memory_wrapper.vhd sub00/vhpl14 1294852757
EN system_complete NULL //w2.b45x.dtu.dk/users/studerende/dtu/s000536/3week_vhdl/top_template-advanced.vhd sub00/vhpl22 1294852767
EN uart_wrapper NULL //w2.b45x.dtu.dk/users/studerende/dtu/s000536/3week_vhdl/uart_wrapper.vhd sub00/vhpl18 1294852761
EN steeringwheel_ad NULL //w2.b45x.dtu.dk/users/studerende/dtu/s000536/3week_vhdl/steeringwheel_ad.vhd sub00/vhpl20 1294852763
AR vga_rom_color arch //w2.b45x.dtu.dk/users/studerende/dtu/s000536/3week_vhdl/vga_rom_color.vhd sub00/vhpl27 1294852748
EN fifo NULL //w2.b45x.dtu.dk/users/studerende/dtu/s000536/3week_vhdl/fifo.vhd sub00/vhpl04 1294852741
EN uart NULL //w2.b45x.dtu.dk/users/studerende/dtu/s000536/3week_vhdl/uart.vhd sub00/vhpl08 1294852753
EN uart_rx NULL //w2.b45x.dtu.dk/users/studerende/dtu/s000536/3week_vhdl/uart_rx.vhd sub00/vhpl02 1294852739
AR vga_wrapper behavioral //w2.b45x.dtu.dk/users/studerende/dtu/s000536/3week_vhdl/vga_wrapper.vhd sub00/vhpl31 1294852766
AR uart_wrapper behavioral //w2.b45x.dtu.dk/users/studerende/dtu/s000536/3week_vhdl/uart_wrapper.vhd sub00/vhpl19 1294852762
EN uart_tx NULL //w2.b45x.dtu.dk/users/studerende/dtu/s000536/3week_vhdl/uart_tx.vhd sub00/vhpl06 1294852743
EN mod_m_counter NULL //w2.b45x.dtu.dk/users/studerende/dtu/s000536/3week_vhdl/baud_gen.vhd sub00/vhpl00 1294852737
